// Jest Snapshot v1, https://goo.gl/fbAQLP

exports[`Button renders correctly with props 1`] = `
<View
  accessibilityLabel="Tell screen readers more here"
  accessible={true}
  isTVSelectable={true}
  onResponderGrant={[Function]}
  onResponderMove={[Function]}
  onResponderRelease={[Function]}
  onResponderTerminate={[Function]}
  onResponderTerminationRequest={[Function]}
  onStartShouldSetResponder={[Function]}
  style={
    Object {
      "backgroundColor": "red",
      "opacity": 1,
    }
  }
>
  <Text>
    Do this
  </Text>
</View>
`;
